// Jest Snapshot v1, https://goo.gl/fbAQLP

exports[`renders correctly 1`] = `
<button
  className="button span1bg-color"
  onClick={[Function]}
  type="button"
>
  1
</button>
`;