// Jest Snapshot v1, https://goo.gl/fbAQLP

exports[`renders calculator correctly 1`] = `
Array [
  <b
    style={
      Object {
        "color": "darkslategray",
        "fontSize": "2em",
        "marginTop": "2em",
      }
    }
  />,
  <div
    className="calculator-grid"
  >
    <div
      className="output"
    >
      <div
        className="current-result"
        data-testid="output"
      >
        0
      </div>
    </div>
    <button
      className="button "
      onClick={[Function]}
      type="button"
    >
      AC
    </button>
    <button
      className="button "
      onClick={[Function]}
      type="button"
    >
      +/-
    </button>
    <button
      className="button "
      onClick={[Function]}
      type="button"
    >
      %
    </button>
    <button
      className="button orange"
      onClick={[Function]}
      type="button"
    >
      รท
    </button>
    <button
      className="button "
      onClick={[Function]}
      type="button"
    >
      7
    </button>
    <button
      className="button "
      onClick={[Function]}
      type="button"
    >
      8
    </button>
    <button
      className="button "
      onClick={[Function]}
      type="button"
    >
      9
    </button>
    <button
      className="button orange"
      onClick={[Function]}
      type="button"
    >
      x
    </button>
    <button
      className="button "
      onClick={[Function]}
      type="button"
    >
      4
    </button>
    <button
      className="button "
      onClick={[Function]}
      type="button"
    >
      5
    </button>
    <button
      className="button "
      onClick={[Function]}
      type="button"
    >
      6
    </button>
    <button
      className="button orange"
      onClick={[Function]}
      type="button"
    >
      -
    </button>
    <button
      className="button "
      onClick={[Function]}
      type="button"
    >
      1
    </button>
    <button
      className="button "
      onClick={[Function]}
      type="button"
    >
      2
    </button>
    <button
      className="button "
      onClick={[Function]}
      type="button"
    >
      3
    </button>
    <button
      className="button orange"
      onClick={[Function]}
      type="button"
    >
      +
    </button>
    <button
      className="button span1"
      onClick={[Function]}
      type="button"
    >
      0
    </button>
    <button
      className="button "
      onClick={[Function]}
      type="button"
    >
      .
    </button>
    <button
      className="button orange"
      onClick={[Function]}
      type="button"
    >
      =
    </button>
  </div>,
]
`;
