// Jest Snapshot v1, https://goo.gl/fbAQLP

exports[`snapshot testing should persist 1`] = `
<section
  className="quote_display"
>
  <h2>
    Quote
  </h2>
  <p>
    Loading quote...
  </p>
</section>
`;
